задание: 2.1.3
проект: 211-command-usb
устройство: 2e8a:000a
серийный номер: 503558606AC6171F
порт: COM9
начало: 2026-10-02T10:33:29
   0.000 --> mem_info
   0.166 <-- mem_info
   0.167 <-- dbg read_line:109 got mem_info
   0.168 <-- area            start        end     size
   0.169 <-- flash      0x10000000 0x10200000  2097152
   0.169 <-- sram       0x20000000 0x20042000   270336
   0.170 <-- rom        0x00000000 0x00004000    16384
   0.171 <-- image      0x10000000 0x10008484    33924
   0.172 <-- free       0x10008484 0x10200000  2063228
   0.173 <-- boot2      0x10000000 0x10000100      256
   0.174 <-- text       0x10000100 0x10007514    29716
   0.174 <-- data flash 0x10007514 0x10008484     3952
   0.175 <-- data ram   0x200000c0 0x20001030     3952
   0.176 <-- bss        0x20001030 0x20001c6c     3132
   0.177 <-- heap       0x20001c6c 0x20040000   254868
   0.178 <-- stack      0x20041800 0x20042000     2048
   0.179 <-- total
   0.180 <-- flash image   33924 = boot2 256 + text 29716 + data 3952
   0.181 <-- flash free   2063228 of 2097152
   0.182 <-- ram used       7084 = data 3952 + bss 3132
   0.183 <-- ram free     254868 for heap and 2048 for stack
итог: отправлено команд 1, принято строк 20
