задание: 2.1.6
проект: 211-command-usb
устройство: 2e8a:000a
серийный номер: 503558606AC6171F
порт: COM9
начало: 2026-10-04T01:39:36
   0.000 --> boot_info
   0.184 <-- boot_info
   0.186 <-- dbg read_line:121 got boot_info
   0.187 <-- vector table   0x10000100
   0.188 <-- stack top  0x20042000
   0.189 <-- reset      0x100001f7
   0.190 <-- reset (even) 0x100001f6
   0.191 <-- gpio in    0xd0000004
   0.192 <-- led bit    0x00000000
   0.192 <-- gpio_get   0x00000000
   2.234 --> enable
   2.365 <-- enable
   2.366 <-- dbg read_line:121 got enable
   2.367 <-- inf cmd_enable:29 led on
   4.397 --> boot_info
   4.586 <-- boot_info
   4.588 <-- dbg read_line:121 got boot_info
   4.589 <-- vector table   0x10000100
   4.590 <-- stack top  0x20042000
   4.591 <-- reset      0x100001f7
   4.592 <-- reset (even) 0x100001f6
   4.593 <-- gpio in    0xd0000004
   4.593 <-- led bit    0x00000001
   4.594 <-- gpio_get   0x00000001
   6.634 --> disable
   6.787 <-- disable
   6.789 <-- dbg read_line:121 got disable
   6.790 <-- inf cmd_disable:35 led off
   8.832 --> boot_info
   9.028 <-- boot_info
   9.029 <-- dbg read_line:121 got boot_info
   9.031 <-- vector table   0x10000100
   9.032 <-- stack top  0x20042000
   9.033 <-- reset      0x100001f7
   9.034 <-- reset (even) 0x100001f6
   9.034 <-- gpio in    0xd0000004
   9.034 <-- led bit    0x00000000
   9.035 <-- gpio_get   0x00000000
итог: отправлено команд 5, принято строк 33
