задание: 2.1.4
проект: 211-command-usb
устройство: 2e8a:000a
серийный номер: 503558606AC6171F
порт: COM9
начало: 2026-10-03T17:28:44
   0.000 --> fw_info
   0.151 <-- fw_info
   0.152 <-- dbg read_line:117 got fw_info
   0.153 <-- object     address    value
   0.154 <-- main       0x10000329 0xB5F0
   0.154 <-- fw_info    0x1000069D 0x4B3D
   0.155 <-- commands   0x10007BC8
   0.155 <-- enable   0x10000281
   0.156 <-- disable  0x100002BD
   0.156 <-- info     0x10000301
   0.157 <-- version  0x100002F9
   0.157 <-- ping     0x10000309
   0.158 <-- mem_info 0x10000319
   0.158 <-- fw_info  0x10000321
   0.160 <-- DEVICE_PROJECT 0x10007700 211-command-usb
   0.160 <-- DEVICE_BOARD 0x10007754 pico
   0.161 <-- data_variable 0x20000F40 101
   0.161 <-- bss_variable 0x20001F0C 1
   0.162 <-- stack_variable 0x20041F7C 1946
   0.162 <-- heap_variable 0x20002408 1951
   2.208 --> fw_info
   2.353 <-- fw_info
   2.354 <-- dbg read_line:117 got fw_info
   2.355 <-- object     address    value
   2.356 <-- main       0x10000329 0xB5F0
   2.356 <-- fw_info    0x1000069D 0x4B3D
   2.357 <-- commands   0x10007BC8
   2.357 <-- enable   0x10000281
   2.358 <-- disable  0x100002BD
   2.358 <-- info     0x10000301
   2.359 <-- version  0x100002F9
   2.359 <-- ping     0x10000309
   2.359 <-- mem_info 0x10000319
   2.360 <-- fw_info  0x10000321
   2.361 <-- DEVICE_PROJECT 0x10007700 211-command-usb
   2.361 <-- DEVICE_BOARD 0x10007754 pico
   2.362 <-- data_variable 0x20000F40 102
   2.362 <-- bss_variable 0x20001F0C 2
   2.363 <-- stack_variable 0x20041F7C 1946
   2.364 <-- heap_variable 0x20002408 1951
   4.414 --> fw_info
   4.555 <-- fw_info
   4.556 <-- dbg read_line:117 got fw_info
   4.557 <-- object     address    value
   4.557 <-- main       0x10000329 0xB5F0
   4.558 <-- fw_info    0x1000069D 0x4B3D
   4.558 <-- commands   0x10007BC8
   4.559 <-- enable   0x10000281
   4.559 <-- disable  0x100002BD
   4.560 <-- info     0x10000301
   4.560 <-- version  0x100002F9
   4.561 <-- ping     0x10000309
   4.561 <-- mem_info 0x10000319
   4.562 <-- fw_info  0x10000321
   4.562 <-- DEVICE_PROJECT 0x10007700 211-command-usb
   4.563 <-- DEVICE_BOARD 0x10007754 pico
   4.563 <-- data_variable 0x20000F40 103
   4.564 <-- bss_variable 0x20001F0C 3
   4.565 <-- stack_variable 0x20041F7C 1946
   4.565 <-- heap_variable 0x20002408 1951
итог: отправлено команд 3, принято строк 57
